<img src="cache/images/-26673449_outcome_by_month_en_us_957285009.png" border="0" usemap="#cache/images/-26673449_outcome_by_month_en_us_957285009.png">
<map name="cache/images/-26673449_outcome_by_month_en_us_957285009.png">
	<area shape="rect" coords="491,413,538,438" href="index.php?module=Potentials&action=ListView&date_closed=2012-07&sales_stage=Other&query=true&type=dbrd&owner=Sani Sandeep&viewname=10" alt="Sani Sandeep - 7 opportunities where outcome is Other" title="Sani Sandeep - 7 opportunities where outcome is Other">
	<area shape="rect" coords="161,434,208,438" href="index.php?module=Potentials&action=ListView&date_closed=2012-02&sales_stage=Other&query=true&type=dbrd&owner=Smith David&viewname=10" alt="Smith David - 1 opportunities where outcome is Other" title="Smith David - 1 opportunities where outcome is Other">
	<area shape="rect" coords="381,431,428,438" href="index.php?module=Potentials&action=ListView&date_closed=2012-06&sales_stage=Other&query=true&type=dbrd&owner=Smith David&viewname=10" alt="Smith David - 3 opportunities where outcome is Other" title="Smith David - 3 opportunities where outcome is Other">
	<area shape="rect" coords="491,407,538,413" href="index.php?module=Potentials&action=ListView&date_closed=2012-07&sales_stage=Other&query=true&type=dbrd&owner=Smith David&viewname=10" alt="Smith David - 2 opportunities where outcome is Other" title="Smith David - 2 opportunities where outcome is Other">
	<area shape="rect" coords="601,432,648,438" href="index.php?module=Potentials&action=ListView&date_closed=2012-08&sales_stage=Other&query=true&type=dbrd&owner=Smith David&viewname=10" alt="Smith David - 2 opportunities where outcome is Other" title="Smith David - 2 opportunities where outcome is Other">
	<area shape="rect" coords="711,432,758,438" href="index.php?module=Potentials&action=ListView&date_closed=2012-09&sales_stage=Other&query=true&type=dbrd&owner=Smith David&viewname=10" alt="Smith David - 2 opportunities where outcome is Other" title="Smith David - 2 opportunities where outcome is Other">
	<area shape="rect" coords="51,437,98,438" href="index.php?module=Potentials&action=ListView&date_closed=2012-01&sales_stage=Other&query=true&type=dbrd&owner=Johnson Richard&viewname=10" alt="Johnson Richard - 1 opportunities where outcome is Other" title="Johnson Richard - 1 opportunities where outcome is Other">
	<area shape="rect" coords="271,429,318,438" href="index.php?module=Potentials&action=ListView&date_closed=2012-05&sales_stage=Other&query=true&type=dbrd&owner=Johnson Richard&viewname=10" alt="Johnson Richard - 1 opportunities where outcome is Other" title="Johnson Richard - 1 opportunities where outcome is Other">
	<area shape="rect" coords="381,430,428,431" href="index.php?module=Potentials&action=ListView&date_closed=2012-06&sales_stage=Other&query=true&type=dbrd&owner=Johnson Richard&viewname=10" alt="Johnson Richard - 1 opportunities where outcome is Other" title="Johnson Richard - 1 opportunities where outcome is Other">
	<area shape="rect" coords="491,308,538,407" href="index.php?module=Potentials&action=ListView&date_closed=2012-07&sales_stage=Other&query=true&type=dbrd&owner=Johnson Richard&viewname=10" alt="Johnson Richard - 6 opportunities where outcome is Other" title="Johnson Richard - 6 opportunities where outcome is Other">
	<area shape="rect" coords="601,431,648,432" href="index.php?module=Potentials&action=ListView&date_closed=2012-08&sales_stage=Other&query=true&type=dbrd&owner=Johnson Richard&viewname=10" alt="Johnson Richard - 1 opportunities where outcome is Other" title="Johnson Richard - 1 opportunities where outcome is Other">
	<area shape="rect" coords="381,381,428,430" href="index.php?module=Potentials&action=ListView&date_closed=2012-06&sales_stage=Other&query=true&type=dbrd&owner=johnson Mary&viewname=10" alt="johnson Mary - 6 opportunities where outcome is Other" title="johnson Mary - 6 opportunities where outcome is Other">
	<area shape="rect" coords="491,307,538,308" href="index.php?module=Potentials&action=ListView&date_closed=2012-07&sales_stage=Other&query=true&type=dbrd&owner=johnson Mary&viewname=10" alt="johnson Mary - 1 opportunities where outcome is Other" title="johnson Mary - 1 opportunities where outcome is Other">
	<area shape="rect" coords="601,407,648,431" href="index.php?module=Potentials&action=ListView&date_closed=2012-08&sales_stage=Other&query=true&type=dbrd&owner=johnson Mary&viewname=10" alt="johnson Mary - 3 opportunities where outcome is Other" title="johnson Mary - 3 opportunities where outcome is Other">
	<area shape="rect" coords="381,297,428,381" href="index.php?module=Potentials&action=ListView&date_closed=2012-06&sales_stage=Other&query=true&type=dbrd&owner=Reza Ibrahim Ali&viewname=10" alt="Reza Ibrahim Ali - 7 opportunities where outcome is Other" title="Reza Ibrahim Ali - 7 opportunities where outcome is Other">
	<area shape="rect" coords="491,234,538,307" href="index.php?module=Potentials&action=ListView&date_closed=2012-07&sales_stage=Other&query=true&type=dbrd&owner=Reza Ibrahim Ali&viewname=10" alt="Reza Ibrahim Ali - 7 opportunities where outcome is Other" title="Reza Ibrahim Ali - 7 opportunities where outcome is Other">
	<area shape="rect" coords="491,159,538,234" href="index.php?module=Potentials&action=ListView&date_closed=2012-07&sales_stage=Closed+Won&query=true&type=dbrd&owner=Sani Sandeep&viewname=10" alt="Sani Sandeep - 3 opportunities where outcome is Closed Won" title="Sani Sandeep - 3 opportunities where outcome is Closed Won">
	<area shape="rect" coords="271,427,318,429" href="index.php?module=Potentials&action=ListView&date_closed=2012-05&sales_stage=Closed+Won&query=true&type=dbrd&owner=Smith David&viewname=10" alt="Smith David - 1 opportunities where outcome is Closed Won" title="Smith David - 1 opportunities where outcome is Closed Won">
	<area shape="rect" coords="381,285,428,297" href="index.php?module=Potentials&action=ListView&date_closed=2012-06&sales_stage=Closed+Won&query=true&type=dbrd&owner=Smith David&viewname=10" alt="Smith David - 3 opportunities where outcome is Closed Won" title="Smith David - 3 opportunities where outcome is Closed Won">
	<area shape="rect" coords="601,402,648,407" href="index.php?module=Potentials&action=ListView&date_closed=2012-08&sales_stage=Closed+Won&query=true&type=dbrd&owner=Smith David&viewname=10" alt="Smith David - 2 opportunities where outcome is Closed Won" title="Smith David - 2 opportunities where outcome is Closed Won">
	<area shape="rect" coords="381,63,428,285" href="index.php?module=Potentials&action=ListView&date_closed=2012-06&sales_stage=Closed+Won&query=true&type=dbrd&owner=Johnson Richard&viewname=10" alt="Johnson Richard - 5 opportunities where outcome is Closed Won" title="Johnson Richard - 5 opportunities where outcome is Closed Won">
	<area shape="rect" coords="491,156,538,159" href="index.php?module=Potentials&action=ListView&date_closed=2012-07&sales_stage=Closed+Won&query=true&type=dbrd&owner=Johnson Richard&viewname=10" alt="Johnson Richard - 1 opportunities where outcome is Closed Won" title="Johnson Richard - 1 opportunities where outcome is Closed Won">
	<area shape="rect" coords="601,287,648,402" href="index.php?module=Potentials&action=ListView&date_closed=2012-08&sales_stage=Closed+Won&query=true&type=dbrd&owner=Johnson Richard&viewname=10" alt="Johnson Richard - 3 opportunities where outcome is Closed Won" title="Johnson Richard - 3 opportunities where outcome is Closed Won">
	<area shape="rect" coords="381,61,428,63" href="index.php?module=Potentials&action=ListView&date_closed=2012-06&sales_stage=Closed+Won&query=true&type=dbrd&owner=Reza Ibrahim Ali&viewname=10" alt="Reza Ibrahim Ali - 1 opportunities where outcome is Closed Won" title="Reza Ibrahim Ali - 1 opportunities where outcome is Closed Won">
</map>