<img src="cache/images/-26673449_lead_source_by_outcome_en_us_693535944.png" border="0" usemap="#cache/images/-26673449_lead_source_by_outcome_en_us_693535944.png">
<map name="cache/images/-26673449_lead_source_by_outcome_en_us_693535944.png">
	<area shape="rect" coords="116,131,119,151" href="index.php?module=Potentials&action=ListView&leadsource=Self+Generated&sales_stage=Other&query=true&type=dbrd&owner=Sani Sandeep&viewname=10" alt="Sani Sandeep - 1 opportunities where outcome is Other" title="Sani Sandeep - 1 opportunities where outcome is Other">
	<area shape="rect" coords="116,191,134,211" href="index.php?module=Potentials&action=ListView&leadsource=Partner&sales_stage=Other&query=true&type=dbrd&owner=Sani Sandeep&viewname=10" alt="Sani Sandeep - 1 opportunities where outcome is Other" title="Sani Sandeep - 1 opportunities where outcome is Other">
	<area shape="rect" coords="116,283,130,302" href="index.php?module=Potentials&action=ListView&leadsource=Conference&sales_stage=Other&query=true&type=dbrd&owner=Sani Sandeep&viewname=10" alt="Sani Sandeep - 2 opportunities where outcome is Other" title="Sani Sandeep - 2 opportunities where outcome is Other">
	<area shape="rect" coords="116,343,122,363" href="index.php?module=Potentials&action=ListView&leadsource=Web+Site&sales_stage=Other&query=true&type=dbrd&owner=Sani Sandeep&viewname=10" alt="Sani Sandeep - 3 opportunities where outcome is Other" title="Sani Sandeep - 3 opportunities where outcome is Other">
	<area shape="rect" coords="116,40,124,60" href="index.php?module=Potentials&action=ListView&leadsource=--None--&sales_stage=Other&query=true&type=dbrd&owner=Smith David&viewname=10" alt="Smith David - 3 opportunities where outcome is Other" title="Smith David - 3 opportunities where outcome is Other">
	<area shape="rect" coords="130,283,153,302" href="index.php?module=Potentials&action=ListView&leadsource=Conference&sales_stage=Other&query=true&type=dbrd&owner=Smith David&viewname=10" alt="Smith David - 3 opportunities where outcome is Other" title="Smith David - 3 opportunities where outcome is Other">
	<area shape="rect" coords="116,313,123,333" href="index.php?module=Potentials&action=ListView&leadsource=Trade+Show&sales_stage=Other&query=true&type=dbrd&owner=Smith David&viewname=10" alt="Smith David - 2 opportunities where outcome is Other" title="Smith David - 2 opportunities where outcome is Other">
	<area shape="rect" coords="122,343,136,363" href="index.php?module=Potentials&action=ListView&leadsource=Web+Site&sales_stage=Other&query=true&type=dbrd&owner=Smith David&viewname=10" alt="Smith David - 2 opportunities where outcome is Other" title="Smith David - 2 opportunities where outcome is Other">
	<area shape="rect" coords="116,100,131,120" href="index.php?module=Potentials&action=ListView&leadsource=Existing+Customer&sales_stage=Other&query=true&type=dbrd&owner=Johnson Richard&viewname=10" alt="Johnson Richard - 1 opportunities where outcome is Other" title="Johnson Richard - 1 opportunities where outcome is Other">
	<area shape="rect" coords="119,131,122,151" href="index.php?module=Potentials&action=ListView&leadsource=Self+Generated&sales_stage=Other&query=true&type=dbrd&owner=Johnson Richard&viewname=10" alt="Johnson Richard - 1 opportunities where outcome is Other" title="Johnson Richard - 1 opportunities where outcome is Other">
	<area shape="rect" coords="134,191,153,211" href="index.php?module=Potentials&action=ListView&leadsource=Partner&sales_stage=Other&query=true&type=dbrd&owner=Johnson Richard&viewname=10" alt="Johnson Richard - 1 opportunities where outcome is Other" title="Johnson Richard - 1 opportunities where outcome is Other">
	<area shape="rect" coords="116,252,133,272" href="index.php?module=Potentials&action=ListView&leadsource=Direct+Mail&sales_stage=Other&query=true&type=dbrd&owner=Johnson Richard&viewname=10" alt="Johnson Richard - 1 opportunities where outcome is Other" title="Johnson Richard - 1 opportunities where outcome is Other">
	<area shape="rect" coords="123,313,129,333" href="index.php?module=Potentials&action=ListView&leadsource=Trade+Show&sales_stage=Other&query=true&type=dbrd&owner=Johnson Richard&viewname=10" alt="Johnson Richard - 1 opportunities where outcome is Other" title="Johnson Richard - 1 opportunities where outcome is Other">
	<area shape="rect" coords="136,343,268,363" href="index.php?module=Potentials&action=ListView&leadsource=Web+Site&sales_stage=Other&query=true&type=dbrd&owner=Johnson Richard&viewname=10" alt="Johnson Richard - 5 opportunities where outcome is Other" title="Johnson Richard - 5 opportunities where outcome is Other">
	<area shape="rect" coords="122,131,125,151" href="index.php?module=Potentials&action=ListView&leadsource=Self+Generated&sales_stage=Other&query=true&type=dbrd&owner=johnson Mary&viewname=10" alt="johnson Mary - 1 opportunities where outcome is Other" title="johnson Mary - 1 opportunities where outcome is Other">
	<area shape="rect" coords="153,191,208,211" href="index.php?module=Potentials&action=ListView&leadsource=Partner&sales_stage=Other&query=true&type=dbrd&owner=johnson Mary&viewname=10" alt="johnson Mary - 3 opportunities where outcome is Other" title="johnson Mary - 3 opportunities where outcome is Other">
	<area shape="rect" coords="133,252,184,272" href="index.php?module=Potentials&action=ListView&leadsource=Direct+Mail&sales_stage=Other&query=true&type=dbrd&owner=johnson Mary&viewname=10" alt="johnson Mary - 3 opportunities where outcome is Other" title="johnson Mary - 3 opportunities where outcome is Other">
	<area shape="rect" coords="129,313,149,333" href="index.php?module=Potentials&action=ListView&leadsource=Trade+Show&sales_stage=Other&query=true&type=dbrd&owner=johnson Mary&viewname=10" alt="johnson Mary - 3 opportunities where outcome is Other" title="johnson Mary - 3 opportunities where outcome is Other">
	<area shape="rect" coords="208,191,263,211" href="index.php?module=Potentials&action=ListView&leadsource=Partner&sales_stage=Other&query=true&type=dbrd&owner=Reza Ibrahim Ali&viewname=10" alt="Reza Ibrahim Ali - 5 opportunities where outcome is Other" title="Reza Ibrahim Ali - 5 opportunities where outcome is Other">
	<area shape="rect" coords="184,252,201,272" href="index.php?module=Potentials&action=ListView&leadsource=Direct+Mail&sales_stage=Other&query=true&type=dbrd&owner=Reza Ibrahim Ali&viewname=10" alt="Reza Ibrahim Ali - 1 opportunities where outcome is Other" title="Reza Ibrahim Ali - 1 opportunities where outcome is Other">
	<area shape="rect" coords="149,313,279,333" href="index.php?module=Potentials&action=ListView&leadsource=Trade+Show&sales_stage=Other&query=true&type=dbrd&owner=Reza Ibrahim Ali&viewname=10" alt="Reza Ibrahim Ali - 4 opportunities where outcome is Other" title="Reza Ibrahim Ali - 4 opportunities where outcome is Other">
	<area shape="rect" coords="268,343,339,363" href="index.php?module=Potentials&action=ListView&leadsource=Web+Site&sales_stage=Other&query=true&type=dbrd&owner=Reza Ibrahim Ali&viewname=10" alt="Reza Ibrahim Ali - 4 opportunities where outcome is Other" title="Reza Ibrahim Ali - 4 opportunities where outcome is Other">
	<area shape="rect" coords="116,70,124,90" href="index.php?module=Potentials&action=ListView&leadsource=Cold+Call&sales_stage=Closed+Won&query=true&type=dbrd&owner=Sani Sandeep&viewname=10" alt="Sani Sandeep - 2 opportunities where outcome is Closed Won" title="Sani Sandeep - 2 opportunities where outcome is Closed Won">
	<area shape="rect" coords="279,313,403,333" href="index.php?module=Potentials&action=ListView&leadsource=Trade+Show&sales_stage=Closed+Won&query=true&type=dbrd&owner=Sani Sandeep&viewname=10" alt="Sani Sandeep - 1 opportunities where outcome is Closed Won" title="Sani Sandeep - 1 opportunities where outcome is Closed Won">
	<area shape="rect" coords="124,70,139,90" href="index.php?module=Potentials&action=ListView&leadsource=Cold+Call&sales_stage=Closed+Won&query=true&type=dbrd&owner=Smith David&viewname=10" alt="Smith David - 2 opportunities where outcome is Closed Won" title="Smith David - 2 opportunities where outcome is Closed Won">
	<area shape="rect" coords="339,343,356,363" href="index.php?module=Potentials&action=ListView&leadsource=Web+Site&sales_stage=Closed+Won&query=true&type=dbrd&owner=Smith David&viewname=10" alt="Smith David - 4 opportunities where outcome is Closed Won" title="Smith David - 4 opportunities where outcome is Closed Won">
	<area shape="rect" coords="139,70,144,90" href="index.php?module=Potentials&action=ListView&leadsource=Cold+Call&sales_stage=Closed+Won&query=true&type=dbrd&owner=Johnson Richard&viewname=10" alt="Johnson Richard - 1 opportunities where outcome is Closed Won" title="Johnson Richard - 1 opportunities where outcome is Closed Won">
	<area shape="rect" coords="131,100,162,120" href="index.php?module=Potentials&action=ListView&leadsource=Existing+Customer&sales_stage=Closed+Won&query=true&type=dbrd&owner=Johnson Richard&viewname=10" alt="Johnson Richard - 2 opportunities where outcome is Closed Won" title="Johnson Richard - 2 opportunities where outcome is Closed Won">
	<area shape="rect" coords="153,283,338,302" href="index.php?module=Potentials&action=ListView&leadsource=Conference&sales_stage=Closed+Won&query=true&type=dbrd&owner=Johnson Richard&viewname=10" alt="Johnson Richard - 3 opportunities where outcome is Closed Won" title="Johnson Richard - 3 opportunities where outcome is Closed Won">
	<area shape="rect" coords="403,313,774,333" href="index.php?module=Potentials&action=ListView&leadsource=Trade+Show&sales_stage=Closed+Won&query=true&type=dbrd&owner=Johnson Richard&viewname=10" alt="Johnson Richard - 3 opportunities where outcome is Closed Won" title="Johnson Richard - 3 opportunities where outcome is Closed Won">
	<area shape="rect" coords="144,70,147,90" href="index.php?module=Potentials&action=ListView&leadsource=Cold+Call&sales_stage=Closed+Won&query=true&type=dbrd&owner=Reza Ibrahim Ali&viewname=10" alt="Reza Ibrahim Ali - 1 opportunities where outcome is Closed Won" title="Reza Ibrahim Ali - 1 opportunities where outcome is Closed Won">
</map>