<img src="cache/images/491844253_outcome_by_month_en_us_957285009.png" border="0" usemap="#cache/images/491844253_outcome_by_month_en_us_957285009.png">
<map name="cache/images/491844253_outcome_by_month_en_us_957285009.png">
	<area shape="rect" coords="62,61,131,438" href="index.php?module=Potentials&action=ListView&date_closed=2011-12&sales_stage=Other&query=true&type=dbrd&owner=Administrator &viewname=10" alt="Administrator  - 3 opportunities where outcome is Other" title="Administrator  - 3 opportunities where outcome is Other">
	<area shape="rect" coords="216,433,285,438" href="index.php?module=Potentials&action=ListView&date_closed=2012-01&sales_stage=Other&query=true&type=dbrd&owner=Administrator &viewname=10" alt="Administrator  - 1 opportunities where outcome is Other" title="Administrator  - 1 opportunities where outcome is Other">
	<area shape="rect" coords="370,274,439,438" href="index.php?module=Potentials&action=ListView&date_closed=2012-02&sales_stage=Other&query=true&type=dbrd&owner=Administrator &viewname=10" alt="Administrator  - 1 opportunities where outcome is Other" title="Administrator  - 1 opportunities where outcome is Other">
	<area shape="rect" coords="370,250,439,274" href="index.php?module=Potentials&action=ListView&date_closed=2012-02&sales_stage=Other&query=true&type=dbrd&owner=user demo&viewname=10" alt="user demo - 2 opportunities where outcome is Other" title="user demo - 2 opportunities where outcome is Other">
	<area shape="rect" coords="524,430,593,438" href="index.php?module=Potentials&action=ListView&date_closed=2012-03&sales_stage=Other&query=true&type=dbrd&owner=user demo&viewname=10" alt="user demo - 1 opportunities where outcome is Other" title="user demo - 1 opportunities where outcome is Other">
	<area shape="rect" coords="678,405,747,438" href="index.php?module=Potentials&action=ListView&date_closed=2012-04&sales_stage=Other&query=true&type=dbrd&owner=user demo&viewname=10" alt="user demo - 1 opportunities where outcome is Other" title="user demo - 1 opportunities where outcome is Other">
</map>