<img src="cache/images/491844253_lead_source_by_outcome_en_us_693535944.png" border="0" usemap="#cache/images/491844253_lead_source_by_outcome_en_us_693535944.png">
<map name="cache/images/491844253_lead_source_by_outcome_en_us_693535944.png">
	<area shape="rect" coords="116,100,198,120" href="index.php?module=Potentials&action=ListView&leadsource=Existing+Customer&sales_stage=Other&query=true&type=dbrd&owner=Administrator &viewname=10" alt="Administrator  - 1 opportunities where outcome is Other" title="Administrator  - 1 opportunities where outcome is Other">
	<area shape="rect" coords="116,131,132,151" href="index.php?module=Potentials&action=ListView&leadsource=Self+Generated&sales_stage=Other&query=true&type=dbrd&owner=Administrator &viewname=10" alt="Administrator  - 1 opportunities where outcome is Other" title="Administrator  - 1 opportunities where outcome is Other">
	<area shape="rect" coords="116,283,445,302" href="index.php?module=Potentials&action=ListView&leadsource=Conference&sales_stage=Other&query=true&type=dbrd&owner=Administrator &viewname=10" alt="Administrator  - 1 opportunities where outcome is Other" title="Administrator  - 1 opportunities where outcome is Other">
	<area shape="rect" coords="116,313,774,333" href="index.php?module=Potentials&action=ListView&leadsource=Trade+Show&sales_stage=Other&query=true&type=dbrd&owner=Administrator &viewname=10" alt="Administrator  - 1 opportunities where outcome is Other" title="Administrator  - 1 opportunities where outcome is Other">
	<area shape="rect" coords="116,343,125,363" href="index.php?module=Potentials&action=ListView&leadsource=Web+Site&sales_stage=Other&query=true&type=dbrd&owner=Administrator &viewname=10" alt="Administrator  - 1 opportunities where outcome is Other" title="Administrator  - 1 opportunities where outcome is Other">
	<area shape="rect" coords="116,40,125,60" href="index.php?module=Potentials&action=ListView&leadsource=--None--&sales_stage=Other&query=true&type=dbrd&owner=user demo&viewname=10" alt="user demo - 1 opportunities where outcome is Other" title="user demo - 1 opportunities where outcome is Other">
	<area shape="rect" coords="116,70,198,90" href="index.php?module=Potentials&action=ListView&leadsource=Cold+Call&sales_stage=Other&query=true&type=dbrd&owner=user demo&viewname=10" alt="user demo - 2 opportunities where outcome is Other" title="user demo - 2 opportunities where outcome is Other">
	<area shape="rect" coords="445,283,484,302" href="index.php?module=Potentials&action=ListView&leadsource=Conference&sales_stage=Other&query=true&type=dbrd&owner=user demo&viewname=10" alt="user demo - 1 opportunities where outcome is Other" title="user demo - 1 opportunities where outcome is Other">
</map>