<img src="cache/images/pie_0__01330974535.png" border="0" usemap="#cache/images/pie_0__01330974535.png">
<map name="cache/images/pie_0__01330974535.png">
	<area shape="polygon" coords="159,169,246,169,234,212,202,244,159,256,116,244,97,229" href="index.php?module=Accounts&action=index&from_dashboard=true&search_text=News+Publications&search_field=industry&searchtype=BasicSearch&query=true&type=entchar&operator=e&viewname=4" alt="News Publications=%d" title="News Publications=%d">
	<area shape="polygon" coords="159,169,97,229,75,190,76,145,79,137" href="index.php?module=Accounts&action=index&from_dashboard=true&search_text=Book+Publishers&search_field=industry&searchtype=BasicSearch&query=true&type=entchar&operator=e&viewname=4" alt="Book Publishers=%d" title="Book Publishers=%d">
	<area shape="polygon" coords="159,169,79,137,106,101,107,100" href="index.php?module=Accounts&action=index&from_dashboard=true&search_text=Media&search_field=industry&searchtype=BasicSearch&query=true&type=entchar&operator=e&viewname=4" alt="Media=%d" title="Media=%d">
	<area shape="polygon" coords="159,169,107,100,148,83,156,83" href="index.php?module=Accounts&action=index&from_dashboard=true&search_text=Motion+Picture&search_field=industry&searchtype=BasicSearch&query=true&type=entchar&operator=e&viewname=4" alt="Motion Picture=%d" title="Motion Picture=%d">
	<area shape="polygon" coords="159,169,156,83,187,87" href="index.php?module=Accounts&action=index&from_dashboard=true&search_text=Internet+Services&search_field=industry&searchtype=BasicSearch&query=true&type=entchar&operator=e&viewname=4" alt="Internet Services=%d" title="Internet Services=%d">
	<area shape="polygon" coords="159,169,187,87,201,93" href="index.php?module=Accounts&action=index&from_dashboard=true&search_text=Theaters&search_field=industry&searchtype=BasicSearch&query=true&type=entchar&operator=e&viewname=4" alt="Theaters=%d" title="Theaters=%d">
	<area shape="polygon" coords="159,169,201,93,207,97" href="index.php?module=Accounts&action=index&from_dashboard=true&search_text=Television&search_field=industry&searchtype=BasicSearch&query=true&type=entchar&operator=e&viewname=4" alt="Television=%d" title="Television=%d">
	<area shape="polygon" coords="159,169,207,97,224,112" href="index.php?module=Accounts&action=index&from_dashboard=true&search_text=Radio&search_field=industry&searchtype=BasicSearch&query=true&type=entchar&operator=e&viewname=4" alt="Radio=%d" title="Radio=%d">
	<area shape="polygon" coords="159,169,224,112,242,145" href="index.php?module=Accounts&action=index&from_dashboard=true&search_text=Publishing&search_field=industry&searchtype=BasicSearch&query=true&type=entchar&operator=e&viewname=4" alt="Publishing=%d" title="Publishing=%d">
	<area shape="polygon" coords="159,169,242,145,244,152" href="index.php?module=Accounts&action=index&from_dashboard=true&search_text=Internet+Content&search_field=industry&searchtype=BasicSearch&query=true&type=entchar&operator=e&viewname=4" alt="Internet Content=%d" title="Internet Content=%d">
	<area shape="polygon" coords="159,169,244,152,245,160" href="index.php?module=Accounts&action=index&from_dashboard=true&search_text=Film+Equipment&search_field=industry&searchtype=BasicSearch&query=true&type=entchar&operator=e&viewname=4" alt="Film Equipment=%d" title="Film Equipment=%d">
	<area shape="polygon" coords="159,169,245,160,246,169" href="index.php?module=Accounts&action=index&from_dashboard=true&search_text=Broadcasting&search_field=industry&searchtype=BasicSearch&query=true&type=entchar&operator=e&viewname=4" alt="Broadcasting=%d" title="Broadcasting=%d">
</map>